Ôû▓ Next.js 16.1.1 (webpack)

  Creating an optimized production build ...
Ô£ô Compiled successfully in 1949.7ms
  Running TypeScript ...
  Collecting page data using 11 workers ...
node.exe : Error: 
supabaseUrl is 
required.
Au caractère 
C:\Program Files\nodejs
\npx.ps1:29 : 3
+   & $NODE_EXE 
$NPX_CLI_JS $args
+   ~~~~~~~~~~~~~~~~~~~
~~~~~~~~~~
    + CategoryInfo     
         : NotSpecifi  
  ed: (Error: supaba   
 seUrl is required.    
:String) [], Remot    
eException
    + FullyQualifiedEr 
   rorId : NativeComm  
  andError
 
    at dA (C:\Users\lil
ia\remove.bg_like\remov
e.bg_like-1\.next\serve
r\app\api\v1\remove\rou
te.js:37:65496)
    at new dC (C:\Users
\lilia\remove.bg_like\r
emove.bg_like-1\.next\s
erver\app\api\v1\remove
\route.js:37:65863)
    at dD (C:\Users\lil
ia\remove.bg_like\remov
e.bg_like-1\.next\serve
r\app\api\v1\remove\rou
te.js:37:69040)
    at 3990 (C:\Users\l
ilia\remove.bg_like\rem
ove.bg_like-1\.next\ser
ver\app\api\v1\remove\r
oute.js:37:69505)
    at k (C:\Users\lili
a\remove.bg_like\remove
.bg_like-1\.next\server
\webpack-runtime.js:1:1
44)
    at <unknown> (C:\Us
ers\lilia\remove.bg_lik
e\remove.bg_like-1\.nex
t\server\app\api\v1\rem
ove\route.js:37:87098)
    at k.a (C:\Users\li
lia\remove.bg_like\remo
ve.bg_like-1\.next\serv
er\webpack-runtime.js:1
:694)
    at 4587 (C:\Users\l
ilia\remove.bg_like\rem
ove.bg_like-1\.next\ser
ver\app\api\v1\remove\r
oute.js:37:87006)
    at k (C:\Users\lili
a\remove.bg_like\remove
.bg_like-1\.next\server
\webpack-runtime.js:1:1
44)
    at <unknown> (C:\Us
ers\lilia\remove.bg_lik
e\remove.bg_like-1\.nex
t\server\app\api\v1\rem
ove\route.js:37:257105)

> Build error occurred
Error: Failed to 
collect page data for 
/api/v1/remove
    at ignore-listed 
frames {
  type: 'Error'
}
